%PROGRAMFILES(X86)% environment variable not found.
